---
source: leptos_macro/src/view/tests.rs
expression: pretty(result)
---
fn view() {
    ::leptos::IntoView::into_view(
            #[allow(unused_braces)]
            {
                ::leptos::component_view(
                    #[allow(clippy::needless_borrows_for_generic_args)]
                    &ExternalComponent,
                    ::leptos::component_props_builder(&ExternalComponent).build(),
                )
            },
        )
        .on(
            ::leptos::leptos_dom::ev::undelegated(
                ::leptos::leptos_dom::ev::Custom::new("custom.event.clear"),
            ),
            move |_: Event| set_value(0),
        )
}
