---
source: leptos_macro/src/view/tests.rs
expression: result
---
TokenStream [
    Punct {
        char: '#',
        spacing: Alone,
    },
    Group {
        delimiter: Bracket,
        stream: TokenStream [
            Ident {
                sym: allow,
            },
            Group {
                delimiter: Parenthesis,
                stream: TokenStream [
                    Ident {
                        sym: unused_braces,
                    },
                ],
            },
        ],
    },
    Group {
        delimiter: Brace,
        stream: TokenStream [
            Ident {
                sym: let,
            },
            Ident {
                sym: _,
            },
            Punct {
                char: '=',
                spacing: Alone,
            },
            Punct {
                char: ':',
                spacing: Joint,
            },
            Punct {
                char: ':',
                spacing: Alone,
            },
            Ident {
                sym: leptos,
            },
            Punct {
                char: ':',
                spacing: Joint,
            },
            Punct {
                char: ':',
                spacing: Alone,
            },
            Ident {
                sym: leptos_dom,
            },
            Punct {
                char: ':',
                spacing: Joint,
            },
            Punct {
                char: ':',
                spacing: Alone,
            },
            Ident {
                sym: html,
            },
            Punct {
                char: ':',
                spacing: Joint,
            },
            Punct {
                char: ':',
                spacing: Alone,
            },
            Ident {
                sym: div,
                span: bytes(327..330),
            },
            Punct {
                char: ';',
                spacing: Alone,
            },
            Punct {
                char: ':',
                spacing: Joint,
            },
            Punct {
                char: ':',
                spacing: Alone,
            },
            Ident {
                sym: leptos,
            },
            Punct {
                char: ':',
                spacing: Joint,
            },
            Punct {
                char: ':',
                spacing: Alone,
            },
            Ident {
                sym: leptos_dom,
            },
            Punct {
                char: ':',
                spacing: Joint,
            },
            Punct {
                char: ':',
                spacing: Alone,
            },
            Ident {
                sym: html,
            },
            Punct {
                char: ':',
                spacing: Joint,
            },
            Punct {
                char: ':',
                spacing: Alone,
            },
            Ident {
                sym: div,
                span: bytes(11..14),
            },
            Group {
                delimiter: Parenthesis,
                stream: TokenStream [],
            },
            Punct {
                char: '.',
                spacing: Alone,
            },
            Ident {
                sym: child,
            },
            Group {
                delimiter: Parenthesis,
                stream: TokenStream [
                    Punct {
                        char: '#',
                        spacing: Alone,
                    },
                    Group {
                        delimiter: Bracket,
                        stream: TokenStream [
                            Ident {
                                sym: allow,
                            },
                            Group {
                                delimiter: Parenthesis,
                                stream: TokenStream [
                                    Ident {
                                        sym: unused_braces,
                                    },
                                ],
                            },
                        ],
                    },
                    Group {
                        delimiter: Brace,
                        stream: TokenStream [
                            Ident {
                                sym: let,
                            },
                            Ident {
                                sym: _,
                            },
                            Punct {
                                char: '=',
                                spacing: Alone,
                            },
                            Punct {
                                char: ':',
                                spacing: Joint,
                            },
                            Punct {
                                char: ':',
                                spacing: Alone,
                            },
                            Ident {
                                sym: leptos,
                            },
                            Punct {
                                char: ':',
                                spacing: Joint,
                            },
                            Punct {
                                char: ':',
                                spacing: Alone,
                            },
                            Ident {
                                sym: leptos_dom,
                            },
                            Punct {
                                char: ':',
                                spacing: Joint,
                            },
                            Punct {
                                char: ':',
                                spacing: Alone,
                            },
                            Ident {
                                sym: html,
                            },
                            Punct {
                                char: ':',
                                spacing: Joint,
                            },
                            Punct {
                                char: ':',
                                spacing: Alone,
                            },
                            Ident {
                                sym: button,
                                span: bytes(76..82),
                            },
                            Punct {
                                char: ';',
                                spacing: Alone,
                            },
                            Punct {
                                char: ':',
                                spacing: Joint,
                            },
                            Punct {
                                char: ':',
                                spacing: Alone,
                            },
                            Ident {
                                sym: leptos,
                            },
                            Punct {
                                char: ':',
                                spacing: Joint,
                            },
                            Punct {
                                char: ':',
                                spacing: Alone,
                            },
                            Ident {
                                sym: leptos_dom,
                            },
                            Punct {
                                char: ':',
                                spacing: Joint,
                            },
                            Punct {
                                char: ':',
                                spacing: Alone,
                            },
                            Ident {
                                sym: html,
                            },
                            Punct {
                                char: ':',
                                spacing: Joint,
                            },
                            Punct {
                                char: ':',
                                spacing: Alone,
                            },
                            Ident {
                                sym: button,
                                span: bytes(29..35),
                            },
                            Group {
                                delimiter: Parenthesis,
                                stream: TokenStream [],
                            },
                            Punct {
                                char: '.',
                                spacing: Alone,
                                span: bytes(36..38),
                            },
                            Ident {
                                sym: on,
                                span: bytes(36..38),
                            },
                            Group {
                                delimiter: Parenthesis,
                                stream: TokenStream [
                                    Punct {
                                        char: ':',
                                        spacing: Joint,
                                    },
                                    Punct {
                                        char: ':',
                                        spacing: Alone,
                                    },
                                    Ident {
                                        sym: leptos,
                                    },
                                    Punct {
                                        char: ':',
                                        spacing: Joint,
                                    },
                                    Punct {
                                        char: ':',
                                        spacing: Alone,
                                    },
                                    Ident {
                                        sym: ev,
                                    },
                                    Punct {
                                        char: ':',
                                        spacing: Joint,
                                    },
                                    Punct {
                                        char: ':',
                                        spacing: Alone,
                                    },
                                    Ident {
                                        sym: click,
                                        span: bytes(39..44),
                                    },
                                    Punct {
                                        char: ',',
                                        spacing: Alone,
                                    },
                                    Ident {
                                        sym: move,
                                        span: bytes(45..49),
                                    },
                                    Punct {
                                        char: '|',
                                        spacing: Alone,
                                        span: bytes(50..51),
                                    },
                                    Ident {
                                        sym: _,
                                        span: bytes(51..52),
                                    },
                                    Punct {
                                        char: '|',
                                        spacing: Alone,
                                        span: bytes(52..53),
                                    },
                                    Ident {
                                        sym: set_value,
                                        span: bytes(54..63),
                                    },
                                    Group {
                                        delimiter: Parenthesis,
                                        stream: TokenStream [
                                            Literal {
                                                lit: 0,
                                                span: bytes(64..65),
                                            },
                                        ],
                                        span: bytes(63..66),
                                    },
                                ],
                            },
                            Punct {
                                char: '.',
                                spacing: Alone,
                            },
                            Ident {
                                sym: child,
                            },
                            Group {
                                delimiter: Parenthesis,
                                stream: TokenStream [
                                    Literal {
                                        lit: "Clear",
                                        span: bytes(67..74),
                                    },
                                ],
                            },
                        ],
                        span: bytes(28..83),
                    },
                ],
            },
            Punct {
                char: '.',
                spacing: Alone,
            },
            Ident {
                sym: child,
            },
            Group {
                delimiter: Parenthesis,
                stream: TokenStream [
                    Punct {
                        char: '#',
                        spacing: Alone,
                    },
                    Group {
                        delimiter: Bracket,
                        stream: TokenStream [
                            Ident {
                                sym: allow,
                            },
                            Group {
                                delimiter: Parenthesis,
                                stream: TokenStream [
                                    Ident {
                                        sym: unused_braces,
                                    },
                                ],
                            },
                        ],
                    },
                    Group {
                        delimiter: Brace,
                        stream: TokenStream [
                            Ident {
                                sym: let,
                            },
                            Ident {
                                sym: _,
                            },
                            Punct {
                                char: '=',
                                spacing: Alone,
                            },
                            Punct {
                                char: ':',
                                spacing: Joint,
                            },
                            Punct {
                                char: ':',
                                spacing: Alone,
                            },
                            Ident {
                                sym: leptos,
                            },
                            Punct {
                                char: ':',
                                spacing: Joint,
                            },
                            Punct {
                                char: ':',
                                spacing: Alone,
                            },
                            Ident {
                                sym: leptos_dom,
                            },
                            Punct {
                                char: ':',
                                spacing: Joint,
                            },
                            Punct {
                                char: ':',
                                spacing: Alone,
                            },
                            Ident {
                                sym: html,
                            },
                            Punct {
                                char: ':',
                                spacing: Joint,
                            },
                            Punct {
                                char: ':',
                                spacing: Alone,
                            },
                            Ident {
                                sym: button,
                                span: bytes(169..175),
                            },
                            Punct {
                                char: ';',
                                spacing: Alone,
                            },
                            Punct {
                                char: ':',
                                spacing: Joint,
                            },
                            Punct {
                                char: ':',
                                spacing: Alone,
                            },
                            Ident {
                                sym: leptos,
                            },
                            Punct {
                                char: ':',
                                spacing: Joint,
                            },
                            Punct {
                                char: ':',
                                spacing: Alone,
                            },
                            Ident {
                                sym: leptos_dom,
                            },
                            Punct {
                                char: ':',
                                spacing: Joint,
                            },
                            Punct {
                                char: ':',
                                spacing: Alone,
                            },
                            Ident {
                                sym: html,
                            },
                            Punct {
                                char: ':',
                                spacing: Joint,
                            },
                            Punct {
                                char: ':',
                                spacing: Alone,
                            },
                            Ident {
                                sym: button,
                                span: bytes(97..103),
                            },
                            Group {
                                delimiter: Parenthesis,
                                stream: TokenStream [],
                            },
                            Punct {
                                char: '.',
                                spacing: Alone,
                                span: bytes(104..106),
                            },
                            Ident {
                                sym: on,
                                span: bytes(104..106),
                            },
                            Group {
                                delimiter: Parenthesis,
                                stream: TokenStream [
                                    Punct {
                                        char: ':',
                                        spacing: Joint,
                                    },
                                    Punct {
                                        char: ':',
                                        spacing: Alone,
                                    },
                                    Ident {
                                        sym: leptos,
                                    },
                                    Punct {
                                        char: ':',
                                        spacing: Joint,
                                    },
                                    Punct {
                                        char: ':',
                                        spacing: Alone,
                                    },
                                    Ident {
                                        sym: ev,
                                    },
                                    Punct {
                                        char: ':',
                                        spacing: Joint,
                                    },
                                    Punct {
                                        char: ':',
                                        spacing: Alone,
                                    },
                                    Ident {
                                        sym: click,
                                        span: bytes(107..112),
                                    },
                                    Punct {
                                        char: ',',
                                        spacing: Alone,
                                    },
                                    Ident {
                                        sym: move,
                                        span: bytes(113..117),
                                    },
                                    Punct {
                                        char: '|',
                                        spacing: Alone,
                                        span: bytes(118..119),
                                    },
                                    Ident {
                                        sym: _,
                                        span: bytes(119..120),
                                    },
                                    Punct {
                                        char: '|',
                                        spacing: Alone,
                                        span: bytes(120..121),
                                    },
                                    Ident {
                                        sym: set_value,
                                        span: bytes(122..131),
                                    },
                                    Punct {
                                        char: '.',
                                        spacing: Alone,
                                        span: bytes(131..132),
                                    },
                                    Ident {
                                        sym: update,
                                        span: bytes(132..138),
                                    },
                                    Group {
                                        delimiter: Parenthesis,
                                        stream: TokenStream [
                                            Punct {
                                                char: '|',
                                                spacing: Alone,
                                                span: bytes(139..140),
                                            },
                                            Ident {
                                                sym: value,
                                                span: bytes(140..145),
                                            },
                                            Punct {
                                                char: '|',
                                                spacing: Alone,
                                                span: bytes(145..146),
                                            },
                                            Punct {
                                                char: '*',
                                                spacing: Alone,
                                                span: bytes(147..148),
                                            },
                                            Ident {
                                                sym: value,
                                                span: bytes(148..153),
                                            },
                                            Punct {
                                                char: '-',
                                                spacing: Joint,
                                                span: bytes(154..155),
                                            },
                                            Punct {
                                                char: '=',
                                                spacing: Alone,
                                                span: bytes(155..156),
                                            },
                                            Ident {
                                                sym: step,
                                                span: bytes(157..161),
                                            },
                                        ],
                                        span: bytes(138..162),
                                    },
                                ],
                            },
                            Punct {
                                char: '.',
                                spacing: Alone,
                            },
                            Ident {
                                sym: child,
                            },
                            Group {
                                delimiter: Parenthesis,
                                stream: TokenStream [
                                    Literal {
                                        lit: "-1",
                                        span: bytes(163..167),
                                    },
                                ],
                            },
                        ],
                        span: bytes(96..176),
                    },
                ],
            },
            Punct {
                char: '.',
                spacing: Alone,
            },
            Ident {
                sym: child,
            },
            Group {
                delimiter: Parenthesis,
                stream: TokenStream [
                    Punct {
                        char: '#',
                        spacing: Alone,
                    },
                    Group {
                        delimiter: Bracket,
                        stream: TokenStream [
                            Ident {
                                sym: allow,
                            },
                            Group {
                                delimiter: Parenthesis,
                                stream: TokenStream [
                                    Ident {
                                        sym: unused_braces,
                                    },
                                ],
                            },
                        ],
                    },
                    Group {
                        delimiter: Brace,
                        stream: TokenStream [
                            Ident {
                                sym: let,
                            },
                            Ident {
                                sym: _,
                            },
                            Punct {
                                char: '=',
                                spacing: Alone,
                            },
                            Punct {
                                char: ':',
                                spacing: Joint,
                            },
                            Punct {
                                char: ':',
                                spacing: Alone,
                            },
                            Ident {
                                sym: leptos,
                            },
                            Punct {
                                char: ':',
                                spacing: Joint,
                            },
                            Punct {
                                char: ':',
                                spacing: Alone,
                            },
                            Ident {
                                sym: leptos_dom,
                            },
                            Punct {
                                char: ':',
                                spacing: Joint,
                            },
                            Punct {
                                char: ':',
                                spacing: Alone,
                            },
                            Ident {
                                sym: html,
                            },
                            Punct {
                                char: ':',
                                spacing: Joint,
                            },
                            Punct {
                                char: ':',
                                spacing: Alone,
                            },
                            Ident {
                                sym: span,
                                span: bytes(218..222),
                            },
                            Punct {
                                char: ';',
                                spacing: Alone,
                            },
                            Punct {
                                char: ':',
                                spacing: Joint,
                            },
                            Punct {
                                char: ':',
                                spacing: Alone,
                            },
                            Ident {
                                sym: leptos,
                            },
                            Punct {
                                char: ':',
                                spacing: Joint,
                            },
                            Punct {
                                char: ':',
                                spacing: Alone,
                            },
                            Ident {
                                sym: leptos_dom,
                            },
                            Punct {
                                char: ':',
                                spacing: Joint,
                            },
                            Punct {
                                char: ':',
                                spacing: Alone,
                            },
                            Ident {
                                sym: html,
                            },
                            Punct {
                                char: ':',
                                spacing: Joint,
                            },
                            Punct {
                                char: ':',
                                spacing: Alone,
                            },
                            Ident {
                                sym: span,
                                span: bytes(190..194),
                            },
                            Group {
                                delimiter: Parenthesis,
                                stream: TokenStream [],
                            },
                            Punct {
                                char: '.',
                                spacing: Alone,
                            },
                            Ident {
                                sym: child,
                            },
                            Group {
                                delimiter: Parenthesis,
                                stream: TokenStream [
                                    Literal {
                                        lit: "Value: ",
                                        span: bytes(195..204),
                                    },
                                ],
                            },
                            Punct {
                                char: '.',
                                spacing: Alone,
                            },
                            Ident {
                                sym: child,
                            },
                            Group {
                                delimiter: Parenthesis,
                                stream: TokenStream [
                                    Group {
                                        delimiter: Brace,
                                        stream: TokenStream [
                                            Ident {
                                                sym: value,
                                                span: bytes(206..211),
                                            },
                                        ],
                                        span: bytes(205..212),
                                    },
                                ],
                            },
                            Punct {
                                char: '.',
                                spacing: Alone,
                            },
                            Ident {
                                sym: child,
                            },
                            Group {
                                delimiter: Parenthesis,
                                stream: TokenStream [
                                    Literal {
                                        lit: "!",
                                        span: bytes(213..216),
                                    },
                                ],
                            },
                        ],
                        span: bytes(189..223),
                    },
                ],
            },
            Punct {
                char: '.',
                spacing: Alone,
            },
            Ident {
                sym: child,
            },
            Group {
                delimiter: Parenthesis,
                stream: TokenStream [
                    Punct {
                        char: '#',
                        spacing: Alone,
                    },
                    Group {
                        delimiter: Bracket,
                        stream: TokenStream [
                            Ident {
                                sym: allow,
                            },
                            Group {
                                delimiter: Parenthesis,
                                stream: TokenStream [
                                    Ident {
                                        sym: unused_braces,
                                    },
                                ],
                            },
                        ],
                    },
                    Group {
                        delimiter: Brace,
                        stream: TokenStream [
                            Ident {
                                sym: let,
                            },
                            Ident {
                                sym: _,
                            },
                            Punct {
                                char: '=',
                                spacing: Alone,
                            },
                            Punct {
                                char: ':',
                                spacing: Joint,
                            },
                            Punct {
                                char: ':',
                                spacing: Alone,
                            },
                            Ident {
                                sym: leptos,
                            },
                            Punct {
                                char: ':',
                                spacing: Joint,
                            },
                            Punct {
                                char: ':',
                                spacing: Alone,
                            },
                            Ident {
                                sym: leptos_dom,
                            },
                            Punct {
                                char: ':',
                                spacing: Joint,
                            },
                            Punct {
                                char: ':',
                                spacing: Alone,
                            },
                            Ident {
                                sym: html,
                            },
                            Punct {
                                char: ':',
                                spacing: Joint,
                            },
                            Punct {
                                char: ':',
                                spacing: Alone,
                            },
                            Ident {
                                sym: button,
                                span: bytes(309..315),
                            },
                            Punct {
                                char: ';',
                                spacing: Alone,
                            },
                            Punct {
                                char: ':',
                                spacing: Joint,
                            },
                            Punct {
                                char: ':',
                                spacing: Alone,
                            },
                            Ident {
                                sym: leptos,
                            },
                            Punct {
                                char: ':',
                                spacing: Joint,
                            },
                            Punct {
                                char: ':',
                                spacing: Alone,
                            },
                            Ident {
                                sym: leptos_dom,
                            },
                            Punct {
                                char: ':',
                                spacing: Joint,
                            },
                            Punct {
                                char: ':',
                                spacing: Alone,
                            },
                            Ident {
                                sym: html,
                            },
                            Punct {
                                char: ':',
                                spacing: Joint,
                            },
                            Punct {
                                char: ':',
                                spacing: Alone,
                            },
                            Ident {
                                sym: button,
                                span: bytes(237..243),
                            },
                            Group {
                                delimiter: Parenthesis,
                                stream: TokenStream [],
                            },
                            Punct {
                                char: '.',
                                spacing: Alone,
                                span: bytes(244..246),
                            },
                            Ident {
                                sym: on,
                                span: bytes(244..246),
                            },
                            Group {
                                delimiter: Parenthesis,
                                stream: TokenStream [
                                    Punct {
                                        char: ':',
                                        spacing: Joint,
                                    },
                                    Punct {
                                        char: ':',
                                        spacing: Alone,
                                    },
                                    Ident {
                                        sym: leptos,
                                    },
                                    Punct {
                                        char: ':',
                                        spacing: Joint,
                                    },
                                    Punct {
                                        char: ':',
                                        spacing: Alone,
                                    },
                                    Ident {
                                        sym: ev,
                                    },
                                    Punct {
                                        char: ':',
                                        spacing: Joint,
                                    },
                                    Punct {
                                        char: ':',
                                        spacing: Alone,
                                    },
                                    Ident {
                                        sym: click,
                                        span: bytes(247..252),
                                    },
                                    Punct {
                                        char: ',',
                                        spacing: Alone,
                                    },
                                    Ident {
                                        sym: move,
                                        span: bytes(253..257),
                                    },
                                    Punct {
                                        char: '|',
                                        spacing: Alone,
                                        span: bytes(258..259),
                                    },
                                    Ident {
                                        sym: _,
                                        span: bytes(259..260),
                                    },
                                    Punct {
                                        char: '|',
                                        spacing: Alone,
                                        span: bytes(260..261),
                                    },
                                    Ident {
                                        sym: set_value,
                                        span: bytes(262..271),
                                    },
                                    Punct {
                                        char: '.',
                                        spacing: Alone,
                                        span: bytes(271..272),
                                    },
                                    Ident {
                                        sym: update,
                                        span: bytes(272..278),
                                    },
                                    Group {
                                        delimiter: Parenthesis,
                                        stream: TokenStream [
                                            Punct {
                                                char: '|',
                                                spacing: Alone,
                                                span: bytes(279..280),
                                            },
                                            Ident {
                                                sym: value,
                                                span: bytes(280..285),
                                            },
                                            Punct {
                                                char: '|',
                                                spacing: Alone,
                                                span: bytes(285..286),
                                            },
                                            Punct {
                                                char: '*',
                                                spacing: Alone,
                                                span: bytes(287..288),
                                            },
                                            Ident {
                                                sym: value,
                                                span: bytes(288..293),
                                            },
                                            Punct {
                                                char: '+',
                                                spacing: Joint,
                                                span: bytes(294..295),
                                            },
                                            Punct {
                                                char: '=',
                                                spacing: Alone,
                                                span: bytes(295..296),
                                            },
                                            Ident {
                                                sym: step,
                                                span: bytes(297..301),
                                            },
                                        ],
                                        span: bytes(278..302),
                                    },
                                ],
                            },
                            Punct {
                                char: '.',
                                spacing: Alone,
                            },
                            Ident {
                                sym: child,
                            },
                            Group {
                                delimiter: Parenthesis,
                                stream: TokenStream [
                                    Literal {
                                        lit: "+1",
                                        span: bytes(303..307),
                                    },
                                ],
                            },
                        ],
                        span: bytes(236..316),
                    },
                ],
            },
        ],
        span: bytes(10..331),
    },
]
