---
source: leptos_macro/src/view/tests.rs
expression: result
---
TokenStream [
    Punct {
        char: ':',
        spacing: Joint,
        span: bytes(10..82),
    },
    Punct {
        char: ':',
        spacing: Alone,
        span: bytes(10..82),
    },
    Ident {
        sym: leptos,
        span: bytes(10..82),
    },
    Punct {
        char: ':',
        spacing: Joint,
        span: bytes(10..82),
    },
    Punct {
        char: ':',
        spacing: Alone,
        span: bytes(10..82),
    },
    Ident {
        sym: IntoView,
        span: bytes(10..82),
    },
    Punct {
        char: ':',
        spacing: Joint,
        span: bytes(10..82),
    },
    Punct {
        char: ':',
        spacing: Alone,
        span: bytes(10..82),
    },
    Ident {
        sym: into_view,
        span: bytes(10..82),
    },
    Group {
        delimiter: Parenthesis,
        stream: TokenStream [
            Punct {
                char: '#',
                spacing: Alone,
                span: bytes(10..82),
            },
            Group {
                delimiter: Bracket,
                stream: TokenStream [
                    Ident {
                        sym: allow,
                        span: bytes(10..82),
                    },
                    Group {
                        delimiter: Parenthesis,
                        stream: TokenStream [
                            Ident {
                                sym: unused_braces,
                                span: bytes(10..82),
                            },
                        ],
                        span: bytes(10..82),
                    },
                ],
                span: bytes(10..82),
            },
            Group {
                delimiter: Brace,
                stream: TokenStream [
                    Punct {
                        char: ':',
                        spacing: Joint,
                        span: bytes(10..82),
                    },
                    Punct {
                        char: ':',
                        spacing: Alone,
                        span: bytes(10..82),
                    },
                    Ident {
                        sym: leptos,
                        span: bytes(10..82),
                    },
                    Punct {
                        char: ':',
                        spacing: Joint,
                        span: bytes(10..82),
                    },
                    Punct {
                        char: ':',
                        spacing: Alone,
                        span: bytes(10..82),
                    },
                    Ident {
                        sym: component_view,
                        span: bytes(10..82),
                    },
                    Group {
                        delimiter: Parenthesis,
                        stream: TokenStream [
                            Punct {
                                char: '#',
                                spacing: Alone,
                                span: bytes(10..82),
                            },
                            Group {
                                delimiter: Bracket,
                                stream: TokenStream [
                                    Ident {
                                        sym: allow,
                                        span: bytes(10..82),
                                    },
                                    Group {
                                        delimiter: Parenthesis,
                                        stream: TokenStream [
                                            Ident {
                                                sym: clippy,
                                                span: bytes(10..82),
                                            },
                                            Punct {
                                                char: ':',
                                                spacing: Joint,
                                                span: bytes(10..82),
                                            },
                                            Punct {
                                                char: ':',
                                                spacing: Alone,
                                                span: bytes(10..82),
                                            },
                                            Ident {
                                                sym: needless_borrows_for_generic_args,
                                                span: bytes(10..82),
                                            },
                                        ],
                                        span: bytes(10..82),
                                    },
                                ],
                                span: bytes(10..82),
                            },
                            Punct {
                                char: '&',
                                spacing: Alone,
                                span: bytes(11..28),
                            },
                            Ident {
                                sym: ExternalComponent,
                                span: bytes(11..28),
                            },
                            Punct {
                                char: ',',
                                spacing: Alone,
                                span: bytes(10..82),
                            },
                            Punct {
                                char: ':',
                                spacing: Joint,
                                span: bytes(11..28),
                            },
                            Punct {
                                char: ':',
                                spacing: Alone,
                                span: bytes(11..28),
                            },
                            Ident {
                                sym: leptos,
                                span: bytes(11..28),
                            },
                            Punct {
                                char: ':',
                                spacing: Joint,
                                span: bytes(11..28),
                            },
                            Punct {
                                char: ':',
                                spacing: Alone,
                                span: bytes(11..28),
                            },
                            Ident {
                                sym: component_props_builder,
                                span: bytes(11..28),
                            },
                            Group {
                                delimiter: Parenthesis,
                                stream: TokenStream [
                                    Punct {
                                        char: '&',
                                        spacing: Alone,
                                        span: bytes(11..28),
                                    },
                                    Ident {
                                        sym: ExternalComponent,
                                        span: bytes(11..28),
                                    },
                                ],
                                span: bytes(11..28),
                            },
                            Punct {
                                char: '.',
                                spacing: Alone,
                                span: bytes(11..28),
                            },
                            Ident {
                                sym: build,
                                span: bytes(11..28),
                            },
                            Group {
                                delimiter: Parenthesis,
                                stream: TokenStream [],
                                span: bytes(11..28),
                            },
                        ],
                        span: bytes(10..82),
                    },
                ],
                span: bytes(10..82),
            },
        ],
        span: bytes(10..82),
    },
    Punct {
        char: '.',
        spacing: Alone,
    },
    Ident {
        sym: on,
        span: bytes(29..50),
    },
    Group {
        delimiter: Parenthesis,
        stream: TokenStream [
            Punct {
                char: ':',
                spacing: Joint,
            },
            Punct {
                char: ':',
                spacing: Alone,
            },
            Ident {
                sym: leptos,
            },
            Punct {
                char: ':',
                spacing: Joint,
            },
            Punct {
                char: ':',
                spacing: Alone,
            },
            Ident {
                sym: leptos_dom,
            },
            Punct {
                char: ':',
                spacing: Joint,
            },
            Punct {
                char: ':',
                spacing: Alone,
            },
            Ident {
                sym: ev,
            },
            Punct {
                char: ':',
                spacing: Joint,
            },
            Punct {
                char: ':',
                spacing: Alone,
            },
            Ident {
                sym: undelegated,
            },
            Group {
                delimiter: Parenthesis,
                stream: TokenStream [
                    Punct {
                        char: ':',
                        spacing: Joint,
                    },
                    Punct {
                        char: ':',
                        spacing: Alone,
                    },
                    Ident {
                        sym: leptos,
                    },
                    Punct {
                        char: ':',
                        spacing: Joint,
                    },
                    Punct {
                        char: ':',
                        spacing: Alone,
                    },
                    Ident {
                        sym: leptos_dom,
                    },
                    Punct {
                        char: ':',
                        spacing: Joint,
                    },
                    Punct {
                        char: ':',
                        spacing: Alone,
                    },
                    Ident {
                        sym: ev,
                    },
                    Punct {
                        char: ':',
                        spacing: Joint,
                    },
                    Punct {
                        char: ':',
                        spacing: Alone,
                    },
                    Ident {
                        sym: Custom,
                    },
                    Punct {
                        char: ':',
                        spacing: Joint,
                    },
                    Punct {
                        char: ':',
                        spacing: Alone,
                    },
                    Ident {
                        sym: new,
                    },
                    Group {
                        delimiter: Parenthesis,
                        stream: TokenStream [
                            Literal {
                                lit: "custom.event.clear",
                            },
                        ],
                    },
                ],
            },
            Punct {
                char: ',',
                spacing: Alone,
            },
            Ident {
                sym: move,
                span: bytes(51..55),
            },
            Punct {
                char: '|',
                spacing: Alone,
                span: bytes(56..57),
            },
            Ident {
                sym: _,
                span: bytes(57..58),
            },
            Punct {
                char: ':',
                spacing: Alone,
                span: bytes(58..59),
            },
            Ident {
                sym: Event,
                span: bytes(60..65),
            },
            Punct {
                char: '|',
                spacing: Alone,
                span: bytes(65..66),
            },
            Ident {
                sym: set_value,
                span: bytes(67..76),
            },
            Group {
                delimiter: Parenthesis,
                stream: TokenStream [
                    Literal {
                        lit: 0,
                        span: bytes(77..78),
                    },
                ],
                span: bytes(76..79),
            },
        ],
    },
]
