---
source: leptos_macro/src/view/tests.rs
assertion_line: 101
expression: pretty(result)
---
fn view() {
    #[allow(unused_braces)]
    {
        let _ = ::leptos::leptos_dom::html::div;
        let _ = ::leptos::leptos_dom::html::div;
        let _ = ::leptos::leptos_dom::html::button;
        let _ = ::leptos::leptos_dom::html::button;
        let _ = ::leptos::leptos_dom::html::button;
        let _ = ::leptos::leptos_dom::html::button;
        let _ = ::leptos::leptos_dom::html::span;
        let _ = ::leptos::leptos_dom::html::span;
        let _ = ::leptos::leptos_dom::html::button;
        let _ = ::leptos::leptos_dom::html::button;
        ::leptos::leptos_dom::helpers::ssr_event_listener(
            ::leptos::ev::click,
            move |_| set_value(0),
        );
        ::leptos::leptos_dom::helpers::ssr_event_listener(
            ::leptos::ev::click,
            move |_| set_value.update(|value| *value -= step),
        );
        ::leptos::leptos_dom::helpers::ssr_event_listener(
            ::leptos::ev::click,
            move |_| set_value.update(|value| *value += step),
        );
        ::leptos::HtmlElement::from_chunks(
            <::leptos::leptos_dom::html::Div as ::std::default::Default>::default(),
            [
                ::leptos::leptos_dom::html::StringOrView::String(
                    ::std::format!(
                        "<div{}><button{}>Clear</button><button{}>-1</button><span{}>Value: ",
                        ::leptos::leptos_dom::HydrationCtx::peek().map(| id |
                        ::std::format!(" data-hk=\"{id}\"")).unwrap_or_default(),
                        ::leptos::leptos_dom::HydrationCtx::id().map(| id |
                        ::std::format!(" data-hk=\"{id}\"")).unwrap_or_default(),
                        ::leptos::leptos_dom::HydrationCtx::id().map(| id |
                        ::std::format!(" data-hk=\"{id}\"")).unwrap_or_default(),
                        ::leptos::leptos_dom::HydrationCtx::id().map(| id |
                        ::std::format!(" data-hk=\"{id}\"")).unwrap_or_default()
                    )
                        .into(),
                ),
                #[allow(unused_braces)]
                {
                    let view = ::leptos::IntoView::into_view({ value });
                    ::leptos::leptos_dom::html::StringOrView::View(
                        ::std::rc::Rc::new(move || view.clone()),
                    )
                },
                ::leptos::leptos_dom::html::StringOrView::String(
                    ::std::format!(
                        "!</span><button{}>+1</button></div>",
                        ::leptos::leptos_dom::HydrationCtx::id().map(| id |
                        ::std::format!(" data-hk=\"{id}\"")).unwrap_or_default()
                    )
                        .into(),
                ),
            ],
        )
    }
}

