---
source: leptos_macro/src/view/tests.rs
assertion_line: 101
expression: pretty(result)
---
fn view() {
    ::leptos::IntoView::into_view(
            #[allow(unused_braces)]
            {
                {
                    let props = ::leptos::component_props_builder(&ExternalComponent)
                        .build();
                    #[allow(unreachable_code)]
                    ::leptos::component_view(&ExternalComponent, props)
                }
            },
        )
        .on(
            ::leptos::leptos_dom::ev::undelegated(
                ::leptos::leptos_dom::ev::Custom::new("custom.event.clear"),
            ),
            move |_: Event| set_value(0),
        )
}

