---
source: leptos_macro/src/view/tests.rs
assertion_line: 101
expression: pretty(result)
---
fn view() {
    {
        let props = ::leptos::component_props_builder(&SimpleCounter)
            .initial_value(#[allow(unused_braces)] { 0 })
            .step(#[allow(unused_braces)] { 1 })
            .build();
        #[allow(unreachable_code)] ::leptos::component_view(&SimpleCounter, props)
    }
}

